   male  age  education  currentSmoker  ...    BMI  heartRate  glucose  TenYearCHD
0     1   39        4.0              0  ...  26.97       80.0     77.0           0
1     0   46        2.0              0  ...  28.73       95.0     76.0           0
2     1   48        1.0              1  ...  25.34       75.0     70.0           0
3     0   61        3.0              1  ...  28.58       65.0    103.0           1
4     0   46        3.0              1  ...  23.10       85.0     85.0           0

[5 rows x 16 columns]
Index(['male', 'age', 'education', 'currentSmoker', 'cigsPerDay', 'BPMeds',
       'prevalentStroke', 'prevalentHyp', 'diabetes', 'totChol', 'sysBP',
       'diaBP', 'BMI', 'heartRate', 'glucose', 'TenYearCHD'],
      dtype='object')
X shape: (3658, 14) y mean: 0.15226899945325315
Columns after missingness filter: ['Sex (male)', 'Age (years)', 'Current smoker', 'Cigarettes per day', 'BP Medication', 'Stroke history', 'Hypertension', 'Diabetes', 'Total cholesterol', 'Systolic BP', 'Diastolic BP', 'BMI', 'Resting HR', 'Blood glucose']
CUDA available: True
CUDA device: Quadro RTX 6000
TabPFN CV AUC mean: 0.7260475816519673 std: 0.03052443160783927
Train AUC: 0.7504538550556922
Holdout AUC: 0.7429603516560038
Saved to: /global/home/hpc5434/MAP-CF/nhane/tabpfn_fhs.pkl
LogReg (scaled): CV AUC mean=0.7263 std=0.0270 | Holdout AUC=0.7486
Linear SVM (scaled + calibrated): CV AUC mean=0.7256 std=0.0242 | Holdout AUC=0.7406
RandomForest (unscaled): CV AUC mean=0.6974 std=0.0288 | Holdout AUC=0.7068
LinearRegression (scaled, LPM): CV AUC mean=nan std=nan | Holdout AUC=0.7408
